19:05:05 **** Incremental Build of configuration Debug for project 001HelloWorld_semiHosting ****
make -j8 all 
arm-none-eabi-gcc -mcpu=cortex-m4 -g3 -DDEBUG -c -x assembler-with-cpp -MMD -MP -MF"Startup/startup_stm32f407vgtx.d" -MT"Startup/startup_stm32f407vgtx.o" --specs=nano.specs -mfpu=fpv4-sp-d16 -mfloat-abi=hard -mthumb -o "Startup/startup_stm32f407vgtx.o" "../Startup/startup_stm32f407vgtx.s"
arm-none-eabi-gcc "../Src/main.c" -mcpu=cortex-m4 -std=gnu11 -g3 -DDEBUG -DSTM32 -DSTM32F407G_DISC1 -DSTM32F4 -DSTM32F407VGTx -c -I../Inc -O0 -ffunction-sections -fdata-sections -Wall -fstack-usage -fcyclomatic-complexity -MMD -MP -MF"Src/main.d" -MT"Src/main.o" --specs=nano.specs -mfpu=fpv4-sp-d16 -mfloat-abi=hard -mthumb -o "Src/main.o"
arm-none-eabi-gcc "../Src/sysmem.c" -mcpu=cortex-m4 -std=gnu11 -g3 -DDEBUG -DSTM32 -DSTM32F407G_DISC1 -DSTM32F4 -DSTM32F407VGTx -c -I../Inc -O0 -ffunction-sections -fdata-sections -Wall -fstack-usage -fcyclomatic-complexity -MMD -MP -MF"Src/sysmem.d" -MT"Src/sysmem.o" --specs=nano.specs -mfpu=fpv4-sp-d16 -mfloat-abi=hard -mthumb -o "Src/sysmem.o"
../Src/main.c:22:4: warning: #warning "FPU is not initialized, but the project is compiling for an FPU. Please initialize the FPU before use." [-Wcpp]
   22 |   #warning "FPU is not initialized, but the project is compiling for an FPU. Please initialize the FPU before use."
      |    ^~~~~~~
arm-none-eabi-gcc -o "001HelloWorld_semiHosting.elf" @"objects.list"   -mcpu=cortex-m4 -T"D:\MATLAB 2020a\bin\Study Work\FastBit EBA\Embedded C Beginners\My_workspace\target\001HelloWorld_semiHosting\STM32F407VGTX_FLASH.ld" --specs=nosys.specs -Wl,-Map="001HelloWorld_semiHosting.map" -Wl,--gc-sections -static -specs=rdimon.specs -lc -lrdimon --specs=nano.specs -mfpu=fpv4-sp-d16 -mfloat-abi=hard -mthumb -Wl,--start-group -lc -lm -Wl,--end-group
Finished building target: 001HelloWorld_semiHosting.elf
 
arm-none-eabi-size   001HelloWorld_semiHosting.elf 
arm-none-eabi-objdump -h -S  001HelloWorld_semiHosting.elf  > "001HelloWorld_semiHosting.list"
   text	   data	    bss	    dec	    hex	filename
   4884	    116	   1756	   6756	   1a64	001HelloWorld_semiHosting.elf
Finished building: default.size.stdout
 
Finished building: 001HelloWorld_semiHosting.list
 

19:05:07 Build Finished. 0 errors, 1 warnings. (took 1s.105ms)

